tests/director/director.test.ts(1,32): error TS6133: 'beforeEach' is declared but its value is never read.
